npm notice run sistem-pantauan-siswa@0.1.0 dev
npm notice run next dev
  ▲ Next.js 14.2.5
  - Local:        http://localhost:3000
  - Environments: .env

 ✓ Starting...
 ✓ Ready in 20.4s
 ○ Compiling / ...
 ✓ Compiled / in 45.2s (1348 modules)
 GET / 200 in 165ms
 ○ Compiling /login ...
 ✓ Compiled /login in 1835ms (1360 modules)
 ○ Compiling /api/auth/login ...
 ✓ Compiled /api/auth/login in 1495ms (708 modules)
 POST /api/auth/login 200 in 5076ms
 ○ Compiling /middleware ...
 ✓ Compiled /middleware in 1843ms (119 modules)
 ○ Compiling /dashboard/student/beranda ...
 ✓ Compiled /dashboard/student/beranda in 1457ms (1399 modules)
 ○ Compiling /api/be/[...path] ...
 ✓ Compiled /api/be/[...path] in 556ms (723 modules)
 GET /api/be/peminjaman/me 200 in 1878ms
 GET /api/be/izin/me 200 in 1888ms
 GET /api/be/tugas/saya 200 in 1898ms
 GET /api/be/presensi/me 200 in 1914ms
 GET /api/be/peminjaman/me 200 in 136ms
 GET /api/be/izin/me 200 in 142ms
 GET /api/be/tugas/saya 200 in 150ms
 GET /api/be/presensi/me 200 in 154ms
 ○ Compiling /dashboard/student/peminjaman ...
 ✓ Compiled /dashboard/student/peminjaman in 814ms (1407 modules)
 GET /api/be/barang 200 in 79ms
 GET /api/be/peminjaman/me 200 in 89ms
 GET /api/be/barang 200 in 59ms
 GET /api/be/peminjaman/me 200 in 59ms
 POST /api/be/peminjaman 201 in 123ms
 GET /api/be/barang 200 in 49ms
 GET /api/be/peminjaman/me 200 in 55ms
 ✓ Compiled /api/auth/logout in 445ms (729 modules)
 POST /api/auth/logout 200 in 561ms
 POST /api/auth/login 200 in 238ms
 ○ Compiling /dashboard/secretary ...
 ✓ Compiled /dashboard/secretary in 1117ms (1415 modules)
 GET /api/be/presensi/rekap?tanggal=2026-09-09 200 in 95ms
 GET /api/be/presensi/rekap?tanggal=2026-09-09 200 in 62ms
 POST /api/be/presensi/catat 201 in 85ms
 GET /api/be/presensi/rekap?tanggal=2026-09-09 200 in 46ms
 POST /api/be/presensi/catat 201 in 97ms
 GET /api/be/presensi/rekap?tanggal=2026-09-09 200 in 62ms
 POST /api/be/presensi/catat 201 in 65ms
 GET /api/be/presensi/rekap?tanggal=2026-09-09 200 in 41ms
 POST /api/be/presensi/catat 201 in 64ms
 GET /api/be/presensi/rekap?tanggal=2026-09-09 200 in 40ms
 POST /api/be/presensi/catat 201 in 71ms
 GET /api/be/presensi/rekap?tanggal=2026-09-09 200 in 54ms
 POST /api/be/presensi/catat 201 in 59ms
 GET /api/be/presensi/rekap?tanggal=2026-09-09 200 in 45ms
 POST /api/be/presensi/catat 201 in 81ms
 GET /api/be/presensi/rekap?tanggal=2026-09-09 200 in 54ms
 POST /api/be/presensi/catat 201 in 71ms
 GET /api/be/presensi/rekap?tanggal=2026-09-09 200 in 43ms
 POST /api/auth/logout 200 in 26ms
